
Loading file: array1.tm
777 
Status: Halted
Bye.
