
Loading file: call5.tm
1279 111 222 666 1332 0 2220 
Status: Halted
Bye.
