
Loading file: charout.tm
XXXXXXXXXXXXXXXXXXXXXXXXXXXXXX
X X X X X X X X X X X X X X X 
X  X  X  X  X  X  X  X  X  X  
X   X   X   X   X   X   X   X 
X    X    X    X    X    X    
X     X     X     X     X     
X      X      X      X      X 
X       X       X       X     
X        X        X        X  
X         X         X         
X          X          X       
X           X           X     
X            X            X   
X             X             X 
X              X              
X               X             
X                X            
X                 X           
X                  X          
X                   X         
X                    X        
X                     X       
X                      X      
X                       X     
X                        X    
X                         X   
X                          X  
X                           X 
X                            X
Status: Halted
Bye.
