
Loading file: e.tm
1110 
1110 
-222 
-888 
-888 
Status: Halted
Bye.
