
Loading file: examplearray3.tm
777 Status: Halted
Bye.
