
Loading file: gcd.tm
entered: 60 
entered: 210
30 
Status: Halted
Loading file: gcd.tm
entered: 210 
entered: 60
30 
Status: Halted
Loading file: gcd.tm
entered: 8192 
entered: 496
16 
Status: Halted
Loading file: gcd.tm
entered: 1234 
entered: 4321
1 
Status: Halted
Loading file: gcd.tm
entered: 216
entered: 666
18 
Status: Halted
Bye.
