
Loading file: local.tm
666 T Status: Halted
Bye.
