
Loading file: logic2.tm
T F 
F T F 
F T F F T T 
Status: Halted
Bye.
