
Loading file: proc.tm
961 
131 
1 T 666 0 666 7 7 
Status: Halted
Bye.
