
Loading file: unary.tm
-88 -88 
-15 3 
F F T T F T 
7 5 Status: Halted
Bye.
