Loading file: a07.tm
341 
273 

Status: Halted
Bye.
