Loading file: b0b.tm
F T T T 
F F F T 
T F 

Status: Halted
Bye.
