Loading file: c0a.tm
1197 -753 

Status: Halted
Bye.
