Loading file: c0c2.tm
ABBBBB

Status: Halted
Bye.
