Loading file: c0e.tm
1024 
1024 
1023 
1023 

Status: Halted
Bye.
