Loading file: c13.tm
73 
5 
17 
5 
17 
5 
17 
5 
17 
5 
17 

Status: Halted
Bye.
