Loading file: c17.tm
777 -333 

Status: Halted
Bye.
