Loading file: c20.tm
754 445 

Status: Halted
Bye.
