Loading file: e01.tm
13 23 55 987 13 451 514 55 987 1614 
Status: Halted
Bye.
