Loading file: e05.tm
13 55 987 13 451 514 55 987 1614 
Status: Halted
Bye.
