Loading file: e07.tm
0 1 2 3 4 5 666 
Status: Halted
Bye.
