Loading file: f0c.tm
99 1001 
Status: Halted
Bye.
