Loading file: f0d.tm
99 1001 
Status: Halted
Bye.
