Loading file: g01.tm
637 122 637 
Status: Halted
Bye.
