Loading file: h07.tm
6 
5 
4 
3 
2 
1 
0 
1 
2 
1 
0 
3 
2 
1 
0 
1 
4 
3 
2 
1 
0 
1 
2 
1 
0 
13 

Status: Halted
Bye.
