Loading file: j00.tm
7 7 7 
7 7 7 
7 7 7 
7 7 7 

Status: Halted
Bye.
