Loading file: s05.tm
11 22 23 33 34 11 22 23 44 45 55 
Status: Halted
Bye.
