Loading file: t00.tm
3628800 

Status: Halted
Bye.
