Loading file: t01.tm
3628800 

Status: Halted
Bye.
