Loading file: t02.tm
3628800 

Status: Halted
Bye.
