Loading file: u01.tm
105 103 105 101 105 101 105 
Status: Halted
Bye.
