Loading file: v04.tm
10 9 8 7 6 5 4 3 2 1 666 
Status: Halted
Bye.
