Loading file: tinyAssignInt.tm
111 222 333 444 
555 666 777 888 

Status: Halted
Bye.
