Loading file: tinyAssignChar.tm
abcd
effh

Status: Halted
Bye.
