Loading file: tinyCall.tm
666 T c
777 F d
555 T z
555 T z
888 F g
888 T z
999 T s
999 T z

Status: Halted
Bye.
