Loading file: tinyRandomRoll.tm

Status: Halted
Bye.
