Loading file: tinyBreak2.tm
1 
2 
3 
4 
5 6 7 8 9 9 

Status: Halted
Bye.
