Loading file: tinyCall2.tm
42 42 42 
666 666 666 

Status: Halted
Bye.
