Loading file: tinyOverlapStatic.tm

Status: Halted
Bye.
