Loading file: tinyInit2.tm
11 22 33 
690642 592185 518370 

Status: Halted
Bye.
