Loading file: tinyOverlapArray.tm

Status: Halted
Bye.
