Loading file: tinyReturn.tm
L
0 114 
zT 
T F 

Status: Halted
Bye.
